MM
PB
1
 BOND    =      214.4899  ANGLE   =      667.3993  DIHED      =      705.7143
 VDWAALS =     -536.1096  EEL     =    -4670.1313  HBOND      =        0.0000
 1-4 VDW =      278.8469  1-4 EEL =     2572.1143  RESTRAINT  =        0.0000
corrected reaction field energy:    -2827.820027
 ENPOLAR =      135.7744
2
 BOND    =      241.3035  ANGLE   =      674.5400  DIHED      =      739.5616
 VDWAALS =     -517.4498  EEL     =    -4652.4735  HBOND      =        0.0000
 1-4 VDW =      271.8454  1-4 EEL =     2587.9641  RESTRAINT  =        0.0000
corrected reaction field energy:    -2933.885484
 ENPOLAR =      137.1164
