#                  COMPLEX                RECEPTOR                  LIGAND        
#          ----------------------- ----------------------- -----------------------
#                  MEAN        STD         MEAN        STD         MEAN        STD
#          ======================= ======================= =======================
ELE            -8649.11      77.49     -5572.11      64.21     -2081.26      23.69
VDW             -996.69      31.89      -674.55      48.97      -251.43       8.24
INT             5050.60      31.43      3429.10      16.52      1621.50      47.94
GAS            -4595.20      77.03     -2817.57       1.27      -711.19      79.88
PBSUR            321.18       4.93       224.77       1.63       136.45       0.95
PBCAL          -3297.25      83.16     -2572.38      38.12     -1717.36      44.71
PBSOL          -2976.07      78.23     -2347.60      36.49     -1580.91      43.76
PBELE         -11946.37       5.66     -8144.49      26.09     -3798.62      21.02
PBTOT          -7571.28       1.20     -5165.17      37.76     -2292.10      36.12

#                    DELTA        
#          -----------------------
#                  MEAN        STD
#          =======================
ELE             -995.74      10.41
VDW              -70.71       8.83
INT               -0.00       0.00
GAS            -1066.44       1.58
PBSUR            -40.04       2.35
PBCAL            992.48       0.33
PBSOL            952.44       2.02
PBELE             -3.26      10.74
PBTOT           -114.00       0.44
