MM
GB
PB
MS
1
 BOND    =      730.3907  ANGLE   =     1984.0754  DIHED      =     2313.9147
 VDWAALS =    -1869.5971  EEL     =   -17231.1931  EGB        =    -3192.0635
 1-4 VDW =      895.4560  1-4 EEL =     8527.2834  RESTRAINT  =        0.0000
corrected reaction field energy:    -5337.748484
surface area =  12542.725
ECAVITY =  12542.725
EDISPER = 0.0000
2
 BOND    =      773.4468  ANGLE   =     1995.1388  DIHED      =     2304.2392
 VDWAALS =    -1870.7789  EEL     =   -17084.6257  EGB        =    -3313.5698
 1-4 VDW =      851.5374  1-4 EEL =     8490.3088  RESTRAINT  =        0.0000
corrected reaction field energy:    -5537.551343
surface area =  12821.557
ECAVITY =  12821.557
EDISPER = 0.0000
