#                  COMPLEX                RECEPTOR                  LIGAND        
#          ----------------------- ----------------------- -----------------------
#                  MEAN        STD         MEAN        STD         MEAN        STD
#          ======================= ======================= =======================
ELE            -8649.11      77.49     -5572.11      64.21     -2081.26      23.69
VDW             -996.69      31.89      -674.55      48.97      -251.43       8.24
INT             5050.60      31.43      3429.10      16.52      1621.50      47.94
GAS            -4595.20      77.03     -2817.57       1.27      -711.19      79.88
PBSUR             91.31       1.42        63.45       0.67        38.72       0.01
PBCAL          -3241.54      84.22     -2528.30      42.63     -1696.16      42.78
PBSOL          -3150.22      82.80     -2464.85      41.96     -1657.44      42.78
PBELE         -11890.65       6.73     -8100.41      21.58     -3777.42      19.09
PBTOT          -7745.43       5.77     -5282.41      43.23     -2368.63      37.10
GBSUR             91.31       1.42        63.45       0.67        38.72       0.01
GB             -3252.82      85.92     -2562.64      56.98     -1688.49      38.16
GBSOL          -3161.51      84.50     -2499.19      56.31     -1649.77      38.15
GBELE         -11901.93       8.42     -8134.75       7.23     -3769.76      14.47
GBTOT          -7756.71       7.47     -5316.76      57.58     -2360.97      41.73

#                    DELTA        
#          -----------------------
#                  MEAN        STD
#          =======================
ELE             -995.74      10.41
VDW              -70.71       8.83
INT               -0.00       0.00
GAS            -1066.44       1.58
PBSUR            -10.86       0.74
PBCAL            982.92       1.19
PBSOL            972.06       1.93
PBELE            -12.82       9.22
PBTOT            -94.38       0.35
GBSUR            -10.86       0.74
GB               998.31       9.22
GBSOL            987.45       9.96
GBELE              2.58       1.19
GBTOT            -78.99       8.39
